// Jest Snapshot v1, https://goo.gl/fbAQLP

exports[`Test 'info' should work: writeLine 1`] = `
Array [
  Array [
    "Info works 6",
  ],
]
`;
